2025-08-31 17:52:26,643 [PID 36369] DEBUG Using selector: EpollSelector
2025-08-31 17:52:26,643 [PID 36369] INFO Reading Pyre server configurations...
2025-08-31 17:52:26,644 [PID 36369] ERROR Uncaught error in persistent.run
Traceback (most recent call last):
  File "/home/r10x8596/.local/share/nvim/mason/packages/pyre/venv/lib/python3.11/site-packages/pyre_check/client/commands/persistent.py", line 302, in run
    return asyncio.get_event_loop().run_until_complete(
           ^^^^^^^^^^^^^^^^^^^^^^^^^^^^^^^^^^^^^^^^^^^^
  File "/home/r10x8596/anaconda3/lib/python3.11/asyncio/base_events.py", line 650, in run_until_complete
    return future.result()
           ^^^^^^^^^^^^^^^
  File "/home/r10x8596/.local/share/nvim/mason/packages/pyre/venv/lib/python3.11/site-packages/pyre_check/client/commands/persistent.py", line 225, in run_persistent
    initial_server_options = pyre_server_options.read_server_options(
                             ^^^^^^^^^^^^^^^^^^^^^^^^^^^^^^^^^^^^^^^^
  File "/home/r10x8596/.local/share/nvim/mason/packages/pyre/venv/lib/python3.11/site-packages/pyre_check/client/commands/pyre_server_options.py", line 130, in read_server_options
    return server_options_reader()
           ^^^^^^^^^^^^^^^^^^^^^^^
  File "/home/r10x8596/.local/share/nvim/mason/packages/pyre/venv/lib/python3.11/site-packages/pyre_check/client/commands/pyre_server_options.py", line 115, in read
    return PyreServerOptions.create(
           ^^^^^^^^^^^^^^^^^^^^^^^^^
  File "/home/r10x8596/.local/share/nvim/mason/packages/pyre/venv/lib/python3.11/site-packages/pyre_check/client/commands/pyre_server_options.py", line 95, in create
    start_arguments = start.create_server_arguments(
                      ^^^^^^^^^^^^^^^^^^^^^^^^^^^^^^
  File "/home/r10x8596/.local/share/nvim/mason/packages/pyre/venv/lib/python3.11/site-packages/pyre_check/client/commands/start.py", line 316, in create_server_arguments
    source_paths = backend_arguments.get_source_path_for_server(
                   ^^^^^^^^^^^^^^^^^^^^^^^^^^^^^^^^^^^^^^^^^^^^^
  File "/home/r10x8596/.local/share/nvim/mason/packages/pyre/venv/lib/python3.11/site-packages/pyre_check/client/backend_arguments.py", line 398, in get_source_path_for_server
    return get_source_path(configuration, artifact_root_name, flavor, watchman_root)
           ^^^^^^^^^^^^^^^^^^^^^^^^^^^^^^^^^^^^^^^^^^^^^^^^^^^^^^^^^^^^^^^^^^^^^^^^^
  File "/home/r10x8596/.local/share/nvim/mason/packages/pyre/venv/lib/python3.11/site-packages/pyre_check/client/backend_arguments.py", line 379, in get_source_path
    raise configuration_module.InvalidConfiguration(
pyre_check.client.configuration.exceptions.InvalidConfiguration: Invalid configuration: Cannot find any source files to analyze. Either `source_directories` or `targets` must be specified.
2025-09-01 10:59:35,555 [PID 88453] DEBUG Using selector: EpollSelector
2025-09-01 10:59:35,555 [PID 88453] INFO Reading Pyre server configurations...
2025-09-01 10:59:35,557 [PID 88453] ERROR Uncaught error in persistent.run
Traceback (most recent call last):
  File "/home/r10x8596/.local/share/nvim/mason/packages/pyre/venv/lib/python3.11/site-packages/pyre_check/client/commands/persistent.py", line 302, in run
    return asyncio.get_event_loop().run_until_complete(
           ^^^^^^^^^^^^^^^^^^^^^^^^^^^^^^^^^^^^^^^^^^^^
  File "/home/r10x8596/anaconda3/lib/python3.11/asyncio/base_events.py", line 650, in run_until_complete
    return future.result()
           ^^^^^^^^^^^^^^^
  File "/home/r10x8596/.local/share/nvim/mason/packages/pyre/venv/lib/python3.11/site-packages/pyre_check/client/commands/persistent.py", line 225, in run_persistent
    initial_server_options = pyre_server_options.read_server_options(
                             ^^^^^^^^^^^^^^^^^^^^^^^^^^^^^^^^^^^^^^^^
  File "/home/r10x8596/.local/share/nvim/mason/packages/pyre/venv/lib/python3.11/site-packages/pyre_check/client/commands/pyre_server_options.py", line 130, in read_server_options
    return server_options_reader()
           ^^^^^^^^^^^^^^^^^^^^^^^
  File "/home/r10x8596/.local/share/nvim/mason/packages/pyre/venv/lib/python3.11/site-packages/pyre_check/client/commands/pyre_server_options.py", line 115, in read
    return PyreServerOptions.create(
           ^^^^^^^^^^^^^^^^^^^^^^^^^
  File "/home/r10x8596/.local/share/nvim/mason/packages/pyre/venv/lib/python3.11/site-packages/pyre_check/client/commands/pyre_server_options.py", line 95, in create
    start_arguments = start.create_server_arguments(
                      ^^^^^^^^^^^^^^^^^^^^^^^^^^^^^^
  File "/home/r10x8596/.local/share/nvim/mason/packages/pyre/venv/lib/python3.11/site-packages/pyre_check/client/commands/start.py", line 316, in create_server_arguments
    source_paths = backend_arguments.get_source_path_for_server(
                   ^^^^^^^^^^^^^^^^^^^^^^^^^^^^^^^^^^^^^^^^^^^^^
  File "/home/r10x8596/.local/share/nvim/mason/packages/pyre/venv/lib/python3.11/site-packages/pyre_check/client/backend_arguments.py", line 398, in get_source_path_for_server
    return get_source_path(configuration, artifact_root_name, flavor, watchman_root)
           ^^^^^^^^^^^^^^^^^^^^^^^^^^^^^^^^^^^^^^^^^^^^^^^^^^^^^^^^^^^^^^^^^^^^^^^^^
  File "/home/r10x8596/.local/share/nvim/mason/packages/pyre/venv/lib/python3.11/site-packages/pyre_check/client/backend_arguments.py", line 379, in get_source_path
    raise configuration_module.InvalidConfiguration(
pyre_check.client.configuration.exceptions.InvalidConfiguration: Invalid configuration: Cannot find any source files to analyze. Either `source_directories` or `targets` must be specified.
2025-09-01 11:52:00,239 [PID 94733] DEBUG Using selector: EpollSelector
2025-09-01 11:52:00,239 [PID 94733] INFO Reading Pyre server configurations...
2025-09-01 11:52:00,240 [PID 94733] ERROR Uncaught error in persistent.run
Traceback (most recent call last):
  File "/home/r10x8596/.local/share/nvim/mason/packages/pyre/venv/lib/python3.11/site-packages/pyre_check/client/commands/persistent.py", line 302, in run
    return asyncio.get_event_loop().run_until_complete(
           ^^^^^^^^^^^^^^^^^^^^^^^^^^^^^^^^^^^^^^^^^^^^
  File "/home/r10x8596/anaconda3/lib/python3.11/asyncio/base_events.py", line 650, in run_until_complete
    return future.result()
           ^^^^^^^^^^^^^^^
  File "/home/r10x8596/.local/share/nvim/mason/packages/pyre/venv/lib/python3.11/site-packages/pyre_check/client/commands/persistent.py", line 225, in run_persistent
    initial_server_options = pyre_server_options.read_server_options(
                             ^^^^^^^^^^^^^^^^^^^^^^^^^^^^^^^^^^^^^^^^
  File "/home/r10x8596/.local/share/nvim/mason/packages/pyre/venv/lib/python3.11/site-packages/pyre_check/client/commands/pyre_server_options.py", line 130, in read_server_options
    return server_options_reader()
           ^^^^^^^^^^^^^^^^^^^^^^^
  File "/home/r10x8596/.local/share/nvim/mason/packages/pyre/venv/lib/python3.11/site-packages/pyre_check/client/commands/pyre_server_options.py", line 115, in read
    return PyreServerOptions.create(
           ^^^^^^^^^^^^^^^^^^^^^^^^^
  File "/home/r10x8596/.local/share/nvim/mason/packages/pyre/venv/lib/python3.11/site-packages/pyre_check/client/commands/pyre_server_options.py", line 95, in create
    start_arguments = start.create_server_arguments(
                      ^^^^^^^^^^^^^^^^^^^^^^^^^^^^^^
  File "/home/r10x8596/.local/share/nvim/mason/packages/pyre/venv/lib/python3.11/site-packages/pyre_check/client/commands/start.py", line 316, in create_server_arguments
    source_paths = backend_arguments.get_source_path_for_server(
                   ^^^^^^^^^^^^^^^^^^^^^^^^^^^^^^^^^^^^^^^^^^^^^
  File "/home/r10x8596/.local/share/nvim/mason/packages/pyre/venv/lib/python3.11/site-packages/pyre_check/client/backend_arguments.py", line 398, in get_source_path_for_server
    return get_source_path(configuration, artifact_root_name, flavor, watchman_root)
           ^^^^^^^^^^^^^^^^^^^^^^^^^^^^^^^^^^^^^^^^^^^^^^^^^^^^^^^^^^^^^^^^^^^^^^^^^
  File "/home/r10x8596/.local/share/nvim/mason/packages/pyre/venv/lib/python3.11/site-packages/pyre_check/client/backend_arguments.py", line 379, in get_source_path
    raise configuration_module.InvalidConfiguration(
pyre_check.client.configuration.exceptions.InvalidConfiguration: Invalid configuration: Cannot find any source files to analyze. Either `source_directories` or `targets` must be specified.
2025-09-01 12:42:01,025 [PID 10225] DEBUG Using selector: EpollSelector
2025-09-01 12:42:01,026 [PID 10225] INFO Reading Pyre server configurations...
2025-09-01 12:42:01,027 [PID 10225] ERROR Uncaught error in persistent.run
Traceback (most recent call last):
  File "/home/r10x8596/.local/share/nvim/mason/packages/pyre/venv/lib/python3.11/site-packages/pyre_check/client/commands/persistent.py", line 302, in run
    return asyncio.get_event_loop().run_until_complete(
           ^^^^^^^^^^^^^^^^^^^^^^^^^^^^^^^^^^^^^^^^^^^^
  File "/home/r10x8596/anaconda3/lib/python3.11/asyncio/base_events.py", line 650, in run_until_complete
    return future.result()
           ^^^^^^^^^^^^^^^
  File "/home/r10x8596/.local/share/nvim/mason/packages/pyre/venv/lib/python3.11/site-packages/pyre_check/client/commands/persistent.py", line 225, in run_persistent
    initial_server_options = pyre_server_options.read_server_options(
                             ^^^^^^^^^^^^^^^^^^^^^^^^^^^^^^^^^^^^^^^^
  File "/home/r10x8596/.local/share/nvim/mason/packages/pyre/venv/lib/python3.11/site-packages/pyre_check/client/commands/pyre_server_options.py", line 130, in read_server_options
    return server_options_reader()
           ^^^^^^^^^^^^^^^^^^^^^^^
  File "/home/r10x8596/.local/share/nvim/mason/packages/pyre/venv/lib/python3.11/site-packages/pyre_check/client/commands/pyre_server_options.py", line 115, in read
    return PyreServerOptions.create(
           ^^^^^^^^^^^^^^^^^^^^^^^^^
  File "/home/r10x8596/.local/share/nvim/mason/packages/pyre/venv/lib/python3.11/site-packages/pyre_check/client/commands/pyre_server_options.py", line 95, in create
    start_arguments = start.create_server_arguments(
                      ^^^^^^^^^^^^^^^^^^^^^^^^^^^^^^
  File "/home/r10x8596/.local/share/nvim/mason/packages/pyre/venv/lib/python3.11/site-packages/pyre_check/client/commands/start.py", line 316, in create_server_arguments
    source_paths = backend_arguments.get_source_path_for_server(
                   ^^^^^^^^^^^^^^^^^^^^^^^^^^^^^^^^^^^^^^^^^^^^^
  File "/home/r10x8596/.local/share/nvim/mason/packages/pyre/venv/lib/python3.11/site-packages/pyre_check/client/backend_arguments.py", line 398, in get_source_path_for_server
    return get_source_path(configuration, artifact_root_name, flavor, watchman_root)
           ^^^^^^^^^^^^^^^^^^^^^^^^^^^^^^^^^^^^^^^^^^^^^^^^^^^^^^^^^^^^^^^^^^^^^^^^^
  File "/home/r10x8596/.local/share/nvim/mason/packages/pyre/venv/lib/python3.11/site-packages/pyre_check/client/backend_arguments.py", line 379, in get_source_path
    raise configuration_module.InvalidConfiguration(
pyre_check.client.configuration.exceptions.InvalidConfiguration: Invalid configuration: Cannot find any source files to analyze. Either `source_directories` or `targets` must be specified.
2025-09-01 12:42:28,780 [PID 10396] DEBUG Using selector: EpollSelector
2025-09-01 12:42:28,780 [PID 10396] INFO Reading Pyre server configurations...
2025-09-01 12:42:28,781 [PID 10396] ERROR Uncaught error in persistent.run
Traceback (most recent call last):
  File "/home/r10x8596/.local/share/nvim/mason/packages/pyre/venv/lib/python3.11/site-packages/pyre_check/client/commands/persistent.py", line 302, in run
    return asyncio.get_event_loop().run_until_complete(
           ^^^^^^^^^^^^^^^^^^^^^^^^^^^^^^^^^^^^^^^^^^^^
  File "/home/r10x8596/anaconda3/lib/python3.11/asyncio/base_events.py", line 650, in run_until_complete
    return future.result()
           ^^^^^^^^^^^^^^^
  File "/home/r10x8596/.local/share/nvim/mason/packages/pyre/venv/lib/python3.11/site-packages/pyre_check/client/commands/persistent.py", line 225, in run_persistent
    initial_server_options = pyre_server_options.read_server_options(
                             ^^^^^^^^^^^^^^^^^^^^^^^^^^^^^^^^^^^^^^^^
  File "/home/r10x8596/.local/share/nvim/mason/packages/pyre/venv/lib/python3.11/site-packages/pyre_check/client/commands/pyre_server_options.py", line 130, in read_server_options
    return server_options_reader()
           ^^^^^^^^^^^^^^^^^^^^^^^
  File "/home/r10x8596/.local/share/nvim/mason/packages/pyre/venv/lib/python3.11/site-packages/pyre_check/client/commands/pyre_server_options.py", line 115, in read
    return PyreServerOptions.create(
           ^^^^^^^^^^^^^^^^^^^^^^^^^
  File "/home/r10x8596/.local/share/nvim/mason/packages/pyre/venv/lib/python3.11/site-packages/pyre_check/client/commands/pyre_server_options.py", line 95, in create
    start_arguments = start.create_server_arguments(
                      ^^^^^^^^^^^^^^^^^^^^^^^^^^^^^^
  File "/home/r10x8596/.local/share/nvim/mason/packages/pyre/venv/lib/python3.11/site-packages/pyre_check/client/commands/start.py", line 316, in create_server_arguments
    source_paths = backend_arguments.get_source_path_for_server(
                   ^^^^^^^^^^^^^^^^^^^^^^^^^^^^^^^^^^^^^^^^^^^^^
  File "/home/r10x8596/.local/share/nvim/mason/packages/pyre/venv/lib/python3.11/site-packages/pyre_check/client/backend_arguments.py", line 398, in get_source_path_for_server
    return get_source_path(configuration, artifact_root_name, flavor, watchman_root)
           ^^^^^^^^^^^^^^^^^^^^^^^^^^^^^^^^^^^^^^^^^^^^^^^^^^^^^^^^^^^^^^^^^^^^^^^^^
  File "/home/r10x8596/.local/share/nvim/mason/packages/pyre/venv/lib/python3.11/site-packages/pyre_check/client/backend_arguments.py", line 379, in get_source_path
    raise configuration_module.InvalidConfiguration(
pyre_check.client.configuration.exceptions.InvalidConfiguration: Invalid configuration: Cannot find any source files to analyze. Either `source_directories` or `targets` must be specified.
2025-09-01 12:45:51,581 [PID 11417] DEBUG Using selector: EpollSelector
2025-09-01 12:45:51,581 [PID 11417] INFO Reading Pyre server configurations...
2025-09-01 12:45:51,583 [PID 11417] ERROR Uncaught error in persistent.run
Traceback (most recent call last):
  File "/home/r10x8596/.local/share/nvim/mason/packages/pyre/venv/lib/python3.11/site-packages/pyre_check/client/commands/persistent.py", line 302, in run
    return asyncio.get_event_loop().run_until_complete(
           ^^^^^^^^^^^^^^^^^^^^^^^^^^^^^^^^^^^^^^^^^^^^
  File "/home/r10x8596/anaconda3/lib/python3.11/asyncio/base_events.py", line 650, in run_until_complete
    return future.result()
           ^^^^^^^^^^^^^^^
  File "/home/r10x8596/.local/share/nvim/mason/packages/pyre/venv/lib/python3.11/site-packages/pyre_check/client/commands/persistent.py", line 225, in run_persistent
    initial_server_options = pyre_server_options.read_server_options(
                             ^^^^^^^^^^^^^^^^^^^^^^^^^^^^^^^^^^^^^^^^
  File "/home/r10x8596/.local/share/nvim/mason/packages/pyre/venv/lib/python3.11/site-packages/pyre_check/client/commands/pyre_server_options.py", line 130, in read_server_options
    return server_options_reader()
           ^^^^^^^^^^^^^^^^^^^^^^^
  File "/home/r10x8596/.local/share/nvim/mason/packages/pyre/venv/lib/python3.11/site-packages/pyre_check/client/commands/pyre_server_options.py", line 115, in read
    return PyreServerOptions.create(
           ^^^^^^^^^^^^^^^^^^^^^^^^^
  File "/home/r10x8596/.local/share/nvim/mason/packages/pyre/venv/lib/python3.11/site-packages/pyre_check/client/commands/pyre_server_options.py", line 95, in create
    start_arguments = start.create_server_arguments(
                      ^^^^^^^^^^^^^^^^^^^^^^^^^^^^^^
  File "/home/r10x8596/.local/share/nvim/mason/packages/pyre/venv/lib/python3.11/site-packages/pyre_check/client/commands/start.py", line 316, in create_server_arguments
    source_paths = backend_arguments.get_source_path_for_server(
                   ^^^^^^^^^^^^^^^^^^^^^^^^^^^^^^^^^^^^^^^^^^^^^
  File "/home/r10x8596/.local/share/nvim/mason/packages/pyre/venv/lib/python3.11/site-packages/pyre_check/client/backend_arguments.py", line 398, in get_source_path_for_server
    return get_source_path(configuration, artifact_root_name, flavor, watchman_root)
           ^^^^^^^^^^^^^^^^^^^^^^^^^^^^^^^^^^^^^^^^^^^^^^^^^^^^^^^^^^^^^^^^^^^^^^^^^
  File "/home/r10x8596/.local/share/nvim/mason/packages/pyre/venv/lib/python3.11/site-packages/pyre_check/client/backend_arguments.py", line 379, in get_source_path
    raise configuration_module.InvalidConfiguration(
pyre_check.client.configuration.exceptions.InvalidConfiguration: Invalid configuration: Cannot find any source files to analyze. Either `source_directories` or `targets` must be specified.
2025-09-01 12:45:59,105 [PID 11465] DEBUG Using selector: EpollSelector
2025-09-01 12:45:59,106 [PID 11465] INFO Reading Pyre server configurations...
2025-09-01 12:45:59,107 [PID 11465] ERROR Uncaught error in persistent.run
Traceback (most recent call last):
  File "/home/r10x8596/.local/share/nvim/mason/packages/pyre/venv/lib/python3.11/site-packages/pyre_check/client/commands/persistent.py", line 302, in run
    return asyncio.get_event_loop().run_until_complete(
           ^^^^^^^^^^^^^^^^^^^^^^^^^^^^^^^^^^^^^^^^^^^^
  File "/home/r10x8596/anaconda3/lib/python3.11/asyncio/base_events.py", line 650, in run_until_complete
    return future.result()
           ^^^^^^^^^^^^^^^
  File "/home/r10x8596/.local/share/nvim/mason/packages/pyre/venv/lib/python3.11/site-packages/pyre_check/client/commands/persistent.py", line 225, in run_persistent
    initial_server_options = pyre_server_options.read_server_options(
                             ^^^^^^^^^^^^^^^^^^^^^^^^^^^^^^^^^^^^^^^^
  File "/home/r10x8596/.local/share/nvim/mason/packages/pyre/venv/lib/python3.11/site-packages/pyre_check/client/commands/pyre_server_options.py", line 130, in read_server_options
    return server_options_reader()
           ^^^^^^^^^^^^^^^^^^^^^^^
  File "/home/r10x8596/.local/share/nvim/mason/packages/pyre/venv/lib/python3.11/site-packages/pyre_check/client/commands/pyre_server_options.py", line 115, in read
    return PyreServerOptions.create(
           ^^^^^^^^^^^^^^^^^^^^^^^^^
  File "/home/r10x8596/.local/share/nvim/mason/packages/pyre/venv/lib/python3.11/site-packages/pyre_check/client/commands/pyre_server_options.py", line 95, in create
    start_arguments = start.create_server_arguments(
                      ^^^^^^^^^^^^^^^^^^^^^^^^^^^^^^
  File "/home/r10x8596/.local/share/nvim/mason/packages/pyre/venv/lib/python3.11/site-packages/pyre_check/client/commands/start.py", line 316, in create_server_arguments
    source_paths = backend_arguments.get_source_path_for_server(
                   ^^^^^^^^^^^^^^^^^^^^^^^^^^^^^^^^^^^^^^^^^^^^^
  File "/home/r10x8596/.local/share/nvim/mason/packages/pyre/venv/lib/python3.11/site-packages/pyre_check/client/backend_arguments.py", line 398, in get_source_path_for_server
    return get_source_path(configuration, artifact_root_name, flavor, watchman_root)
           ^^^^^^^^^^^^^^^^^^^^^^^^^^^^^^^^^^^^^^^^^^^^^^^^^^^^^^^^^^^^^^^^^^^^^^^^^
  File "/home/r10x8596/.local/share/nvim/mason/packages/pyre/venv/lib/python3.11/site-packages/pyre_check/client/backend_arguments.py", line 379, in get_source_path
    raise configuration_module.InvalidConfiguration(
pyre_check.client.configuration.exceptions.InvalidConfiguration: Invalid configuration: Cannot find any source files to analyze. Either `source_directories` or `targets` must be specified.
2025-09-01 12:46:01,154 [PID 11472] DEBUG Using selector: EpollSelector
2025-09-01 12:46:01,154 [PID 11472] INFO Reading Pyre server configurations...
2025-09-01 12:46:01,155 [PID 11472] ERROR Uncaught error in persistent.run
Traceback (most recent call last):
  File "/home/r10x8596/.local/share/nvim/mason/packages/pyre/venv/lib/python3.11/site-packages/pyre_check/client/commands/persistent.py", line 302, in run
    return asyncio.get_event_loop().run_until_complete(
           ^^^^^^^^^^^^^^^^^^^^^^^^^^^^^^^^^^^^^^^^^^^^
  File "/home/r10x8596/anaconda3/lib/python3.11/asyncio/base_events.py", line 650, in run_until_complete
    return future.result()
           ^^^^^^^^^^^^^^^
  File "/home/r10x8596/.local/share/nvim/mason/packages/pyre/venv/lib/python3.11/site-packages/pyre_check/client/commands/persistent.py", line 225, in run_persistent
    initial_server_options = pyre_server_options.read_server_options(
                             ^^^^^^^^^^^^^^^^^^^^^^^^^^^^^^^^^^^^^^^^
  File "/home/r10x8596/.local/share/nvim/mason/packages/pyre/venv/lib/python3.11/site-packages/pyre_check/client/commands/pyre_server_options.py", line 130, in read_server_options
    return server_options_reader()
           ^^^^^^^^^^^^^^^^^^^^^^^
  File "/home/r10x8596/.local/share/nvim/mason/packages/pyre/venv/lib/python3.11/site-packages/pyre_check/client/commands/pyre_server_options.py", line 115, in read
    return PyreServerOptions.create(
           ^^^^^^^^^^^^^^^^^^^^^^^^^
  File "/home/r10x8596/.local/share/nvim/mason/packages/pyre/venv/lib/python3.11/site-packages/pyre_check/client/commands/pyre_server_options.py", line 95, in create
    start_arguments = start.create_server_arguments(
                      ^^^^^^^^^^^^^^^^^^^^^^^^^^^^^^
  File "/home/r10x8596/.local/share/nvim/mason/packages/pyre/venv/lib/python3.11/site-packages/pyre_check/client/commands/start.py", line 316, in create_server_arguments
    source_paths = backend_arguments.get_source_path_for_server(
                   ^^^^^^^^^^^^^^^^^^^^^^^^^^^^^^^^^^^^^^^^^^^^^
  File "/home/r10x8596/.local/share/nvim/mason/packages/pyre/venv/lib/python3.11/site-packages/pyre_check/client/backend_arguments.py", line 398, in get_source_path_for_server
    return get_source_path(configuration, artifact_root_name, flavor, watchman_root)
           ^^^^^^^^^^^^^^^^^^^^^^^^^^^^^^^^^^^^^^^^^^^^^^^^^^^^^^^^^^^^^^^^^^^^^^^^^
  File "/home/r10x8596/.local/share/nvim/mason/packages/pyre/venv/lib/python3.11/site-packages/pyre_check/client/backend_arguments.py", line 379, in get_source_path
    raise configuration_module.InvalidConfiguration(
pyre_check.client.configuration.exceptions.InvalidConfiguration: Invalid configuration: Cannot find any source files to analyze. Either `source_directories` or `targets` must be specified.
2025-09-01 12:46:18,719 [PID 11546] DEBUG Using selector: EpollSelector
2025-09-01 12:46:18,719 [PID 11546] INFO Reading Pyre server configurations...
2025-09-01 12:46:18,720 [PID 11546] ERROR Uncaught error in persistent.run
Traceback (most recent call last):
  File "/home/r10x8596/.local/share/nvim/mason/packages/pyre/venv/lib/python3.11/site-packages/pyre_check/client/commands/persistent.py", line 302, in run
    return asyncio.get_event_loop().run_until_complete(
           ^^^^^^^^^^^^^^^^^^^^^^^^^^^^^^^^^^^^^^^^^^^^
  File "/home/r10x8596/anaconda3/lib/python3.11/asyncio/base_events.py", line 650, in run_until_complete
    return future.result()
           ^^^^^^^^^^^^^^^
  File "/home/r10x8596/.local/share/nvim/mason/packages/pyre/venv/lib/python3.11/site-packages/pyre_check/client/commands/persistent.py", line 225, in run_persistent
    initial_server_options = pyre_server_options.read_server_options(
                             ^^^^^^^^^^^^^^^^^^^^^^^^^^^^^^^^^^^^^^^^
  File "/home/r10x8596/.local/share/nvim/mason/packages/pyre/venv/lib/python3.11/site-packages/pyre_check/client/commands/pyre_server_options.py", line 130, in read_server_options
    return server_options_reader()
           ^^^^^^^^^^^^^^^^^^^^^^^
  File "/home/r10x8596/.local/share/nvim/mason/packages/pyre/venv/lib/python3.11/site-packages/pyre_check/client/commands/pyre_server_options.py", line 115, in read
    return PyreServerOptions.create(
           ^^^^^^^^^^^^^^^^^^^^^^^^^
  File "/home/r10x8596/.local/share/nvim/mason/packages/pyre/venv/lib/python3.11/site-packages/pyre_check/client/commands/pyre_server_options.py", line 95, in create
    start_arguments = start.create_server_arguments(
                      ^^^^^^^^^^^^^^^^^^^^^^^^^^^^^^
  File "/home/r10x8596/.local/share/nvim/mason/packages/pyre/venv/lib/python3.11/site-packages/pyre_check/client/commands/start.py", line 316, in create_server_arguments
    source_paths = backend_arguments.get_source_path_for_server(
                   ^^^^^^^^^^^^^^^^^^^^^^^^^^^^^^^^^^^^^^^^^^^^^
  File "/home/r10x8596/.local/share/nvim/mason/packages/pyre/venv/lib/python3.11/site-packages/pyre_check/client/backend_arguments.py", line 398, in get_source_path_for_server
    return get_source_path(configuration, artifact_root_name, flavor, watchman_root)
           ^^^^^^^^^^^^^^^^^^^^^^^^^^^^^^^^^^^^^^^^^^^^^^^^^^^^^^^^^^^^^^^^^^^^^^^^^
  File "/home/r10x8596/.local/share/nvim/mason/packages/pyre/venv/lib/python3.11/site-packages/pyre_check/client/backend_arguments.py", line 379, in get_source_path
    raise configuration_module.InvalidConfiguration(
pyre_check.client.configuration.exceptions.InvalidConfiguration: Invalid configuration: Cannot find any source files to analyze. Either `source_directories` or `targets` must be specified.
2025-09-01 12:48:56,059 [PID 12302] DEBUG Using selector: EpollSelector
2025-09-01 12:48:56,059 [PID 12302] INFO Reading Pyre server configurations...
2025-09-01 12:48:56,060 [PID 12302] ERROR Uncaught error in persistent.run
Traceback (most recent call last):
  File "/home/r10x8596/.local/share/nvim/mason/packages/pyre/venv/lib/python3.11/site-packages/pyre_check/client/commands/persistent.py", line 302, in run
    return asyncio.get_event_loop().run_until_complete(
           ^^^^^^^^^^^^^^^^^^^^^^^^^^^^^^^^^^^^^^^^^^^^
  File "/home/r10x8596/anaconda3/lib/python3.11/asyncio/base_events.py", line 650, in run_until_complete
    return future.result()
           ^^^^^^^^^^^^^^^
  File "/home/r10x8596/.local/share/nvim/mason/packages/pyre/venv/lib/python3.11/site-packages/pyre_check/client/commands/persistent.py", line 225, in run_persistent
    initial_server_options = pyre_server_options.read_server_options(
                             ^^^^^^^^^^^^^^^^^^^^^^^^^^^^^^^^^^^^^^^^
  File "/home/r10x8596/.local/share/nvim/mason/packages/pyre/venv/lib/python3.11/site-packages/pyre_check/client/commands/pyre_server_options.py", line 130, in read_server_options
    return server_options_reader()
           ^^^^^^^^^^^^^^^^^^^^^^^
  File "/home/r10x8596/.local/share/nvim/mason/packages/pyre/venv/lib/python3.11/site-packages/pyre_check/client/commands/pyre_server_options.py", line 115, in read
    return PyreServerOptions.create(
           ^^^^^^^^^^^^^^^^^^^^^^^^^
  File "/home/r10x8596/.local/share/nvim/mason/packages/pyre/venv/lib/python3.11/site-packages/pyre_check/client/commands/pyre_server_options.py", line 95, in create
    start_arguments = start.create_server_arguments(
                      ^^^^^^^^^^^^^^^^^^^^^^^^^^^^^^
  File "/home/r10x8596/.local/share/nvim/mason/packages/pyre/venv/lib/python3.11/site-packages/pyre_check/client/commands/start.py", line 316, in create_server_arguments
    source_paths = backend_arguments.get_source_path_for_server(
                   ^^^^^^^^^^^^^^^^^^^^^^^^^^^^^^^^^^^^^^^^^^^^^
  File "/home/r10x8596/.local/share/nvim/mason/packages/pyre/venv/lib/python3.11/site-packages/pyre_check/client/backend_arguments.py", line 398, in get_source_path_for_server
    return get_source_path(configuration, artifact_root_name, flavor, watchman_root)
           ^^^^^^^^^^^^^^^^^^^^^^^^^^^^^^^^^^^^^^^^^^^^^^^^^^^^^^^^^^^^^^^^^^^^^^^^^
  File "/home/r10x8596/.local/share/nvim/mason/packages/pyre/venv/lib/python3.11/site-packages/pyre_check/client/backend_arguments.py", line 379, in get_source_path
    raise configuration_module.InvalidConfiguration(
pyre_check.client.configuration.exceptions.InvalidConfiguration: Invalid configuration: Cannot find any source files to analyze. Either `source_directories` or `targets` must be specified.
2025-09-01 12:51:06,509 [PID 26462] DEBUG Using selector: EpollSelector
2025-09-01 12:51:06,509 [PID 26462] INFO Reading Pyre server configurations...
2025-09-01 12:51:06,510 [PID 26462] ERROR Uncaught error in persistent.run
Traceback (most recent call last):
  File "/home/r10x8596/.local/share/nvim/mason/packages/pyre/venv/lib/python3.11/site-packages/pyre_check/client/commands/persistent.py", line 302, in run
    return asyncio.get_event_loop().run_until_complete(
           ^^^^^^^^^^^^^^^^^^^^^^^^^^^^^^^^^^^^^^^^^^^^
  File "/home/r10x8596/anaconda3/lib/python3.11/asyncio/base_events.py", line 650, in run_until_complete
    return future.result()
           ^^^^^^^^^^^^^^^
  File "/home/r10x8596/.local/share/nvim/mason/packages/pyre/venv/lib/python3.11/site-packages/pyre_check/client/commands/persistent.py", line 225, in run_persistent
    initial_server_options = pyre_server_options.read_server_options(
                             ^^^^^^^^^^^^^^^^^^^^^^^^^^^^^^^^^^^^^^^^
  File "/home/r10x8596/.local/share/nvim/mason/packages/pyre/venv/lib/python3.11/site-packages/pyre_check/client/commands/pyre_server_options.py", line 130, in read_server_options
    return server_options_reader()
           ^^^^^^^^^^^^^^^^^^^^^^^
  File "/home/r10x8596/.local/share/nvim/mason/packages/pyre/venv/lib/python3.11/site-packages/pyre_check/client/commands/pyre_server_options.py", line 115, in read
    return PyreServerOptions.create(
           ^^^^^^^^^^^^^^^^^^^^^^^^^
  File "/home/r10x8596/.local/share/nvim/mason/packages/pyre/venv/lib/python3.11/site-packages/pyre_check/client/commands/pyre_server_options.py", line 95, in create
    start_arguments = start.create_server_arguments(
                      ^^^^^^^^^^^^^^^^^^^^^^^^^^^^^^
  File "/home/r10x8596/.local/share/nvim/mason/packages/pyre/venv/lib/python3.11/site-packages/pyre_check/client/commands/start.py", line 316, in create_server_arguments
    source_paths = backend_arguments.get_source_path_for_server(
                   ^^^^^^^^^^^^^^^^^^^^^^^^^^^^^^^^^^^^^^^^^^^^^
  File "/home/r10x8596/.local/share/nvim/mason/packages/pyre/venv/lib/python3.11/site-packages/pyre_check/client/backend_arguments.py", line 398, in get_source_path_for_server
    return get_source_path(configuration, artifact_root_name, flavor, watchman_root)
           ^^^^^^^^^^^^^^^^^^^^^^^^^^^^^^^^^^^^^^^^^^^^^^^^^^^^^^^^^^^^^^^^^^^^^^^^^
  File "/home/r10x8596/.local/share/nvim/mason/packages/pyre/venv/lib/python3.11/site-packages/pyre_check/client/backend_arguments.py", line 379, in get_source_path
    raise configuration_module.InvalidConfiguration(
pyre_check.client.configuration.exceptions.InvalidConfiguration: Invalid configuration: Cannot find any source files to analyze. Either `source_directories` or `targets` must be specified.
